processing relval_standard
processing relval_highstats
processing relval_pileup
processing relval_generator
processing relval_extendedgen
processing relval_production
processing relval_ged
ignoring relval_upgrade from default matrix
processing relval_2017
processing relval_2023
ignoring relval_identity from default matrix
processing relval_machine
processing relval_unsch
processing relval_premix
Running in 4 thread(s)

Preparing to run 1330.0 ZMM_13+ZMM_13+DIGIUP15+RECOUP15+HARVESTUP15
/bin/sh: line 1:  5859 Segmentation fault      (core dumped) cmsDriver.py step3 --runUnscheduled --conditions auto:run2_mc -s RAW2DIGI,L1Reco,RECO,RECOSIM,EI,PAT,VALIDATION:@standardValidation+@miniAODValidation,DQM:@standardDQM+@ExtraHLT+@miniAODDQM --datatier GEN-SIM-RECO,MINIAODSIM,DQMIO -n 10 --era Run2_2016 --eventcontent RECOSIM,MINIAODSIM,DQM --filein file:step2.root --fileout file:step3.root > step3_ZMM_13+ZMM_13+DIGIUP15+RECOUP15+HARVESTUP15.log 2>&1

# in: /afs/cern.ch/user/a/anmehta/TryingDQM_v3/CMSSW_10_0_2/src going to execute cd 1330.0_ZMM_13+ZMM_13+DIGIUP15+RECOUP15+HARVESTUP15
 cmsDriver.py ZMM_13TeV_TuneCUETP8M1_cfi  --conditions auto:run2_mc -n 10 --era Run2_2016 --eventcontent FEVTDEBUG --relval 18000,100 -s GEN,SIM --datatier GEN-SIM --beamspot Realistic50ns13TeVCollision --fileout file:step1.root  > step1_ZMM_13+ZMM_13+DIGIUP15+RECOUP15+HARVESTUP15.log  2>&1
 

# in: /afs/cern.ch/user/a/anmehta/TryingDQM_v3/CMSSW_10_0_2/src going to execute cd 1330.0_ZMM_13+ZMM_13+DIGIUP15+RECOUP15+HARVESTUP15
 cmsDriver.py step2  --conditions auto:run2_mc -s DIGI:pdigi_valid,L1,DIGI2RAW,HLT:@relval2016 --datatier GEN-SIM-DIGI-RAW-HLTDEBUG -n 10 --era Run2_2016 --eventcontent FEVTDEBUGHLT --filein file:step1.root  --fileout file:step2.root  > step2_ZMM_13+ZMM_13+DIGIUP15+RECOUP15+HARVESTUP15.log  2>&1
 

# in: /afs/cern.ch/user/a/anmehta/TryingDQM_v3/CMSSW_10_0_2/src going to execute cd 1330.0_ZMM_13+ZMM_13+DIGIUP15+RECOUP15+HARVESTUP15
 cmsDriver.py step3  --runUnscheduled  --conditions auto:run2_mc -s RAW2DIGI,L1Reco,RECO,RECOSIM,EI,PAT,VALIDATION:@standardValidation+@miniAODValidation,DQM:@standardDQM+@ExtraHLT+@miniAODDQM --datatier GEN-SIM-RECO,MINIAODSIM,DQMIO -n 10 --era Run2_2016 --eventcontent RECOSIM,MINIAODSIM,DQM --filein file:step2.root  --fileout file:step3.root  > step3_ZMM_13+ZMM_13+DIGIUP15+RECOUP15+HARVESTUP15.log  2>&1
 
ERROR executing  cd 1330.0_ZMM_13+ZMM_13+DIGIUP15+RECOUP15+HARVESTUP15; cmsDriver.py step3  --runUnscheduled  --conditions auto:run2_mc -s RAW2DIGI,L1Reco,RECO,RECOSIM,EI,PAT,VALIDATION:@standardValidation+@miniAODValidation,DQM:@standardDQM+@ExtraHLT+@miniAODDQM --datatier GEN-SIM-RECO,MINIAODSIM,DQMIO -n 10 --era Run2_2016 --eventcontent RECOSIM,MINIAODSIM,DQM --filein file:step2.root  --fileout file:step3.root  > step3_ZMM_13+ZMM_13+DIGIUP15+RECOUP15+HARVESTUP15.log  2>&1;  ret= 35584
1330.0_ZMM_13+ZMM_13+DIGIUP15+RECOUP15+HARVESTUP15 Step0-PASSED Step1-PASSED Step2-FAILED Step3-NOTRUN  - time date Wed Feb 14 07:57:11 2018-date Wed Feb 14 07:46:29 2018; exit: 0 0 35584 0
1 1 0 0 tests passed, 0 0 1 0 failed

